node : Registration 
failed: Server 
Error: Could not 
find the table 
'public.users' in 
the schema cache
At line:1 char:1
+ node 
test_register.js > 
error_log.txt 2>&1
+ ~~~~~~~~~~~~~~~~~~~
~~~~~~~~~~~~~~~~~~~~~
~~
    + CategoryInfo   
           : NotSpe  
  cified: (Registr   
 ation fa...he sc    
hema cache:Strin    
g) [], RemoteExc    
eption
    + FullyQualified 
   ErrorId : Native  
  CommandError
 
